status: 500
meta-router: unable to load module "./b" with method "c"