status: 500
meta-router: unable to load module "./a"