meta-router: you must first call init() with the route config before calling getMatch()