Unexpected MODIFIER at 3, expected END (while parsing "/a/*" in "GET /a/* => ./a")