meta-router: you must first call init() with the route config before the match middleware runs