{
  "path": "/a",
  "params": {},
  "config": {
    "additional": true
  }
}