{
  "path": "/c/d",
  "params": {
    "parts": [
      "d"
    ]
  },
  "config": {}
}