{
  "path": "/b/c/d",
  "params": {
    "parts": [
      "c",
      "d"
    ]
  },
  "config": {}
}