{
  "path": "/a/b",
  "params": {
    "id": "b"
  },
  "config": {}
}