{
  "path": "/c/d/e",
  "params": {
    "parts": [
      "d",
      "e"
    ]
  },
  "config": {}
}