{
  "path": "/b/c",
  "params": {
    "parts": [
      "c"
    ]
  },
  "config": {}
}